[www.facebook.com/login/indexf10a.html]
[backblue.gif]
[fade.gif]
[index.html]
[www.facebook.com/login/indexdfce.html]
[www.facebook.com/login/web/index.html]
[static.xx.fbcdn.net/rsrc.php/v3/yD/l/0,cross/GowY3SbJ7Gq1f8e.css]
[static.xx.fbcdn.net/rsrc.php/v3/yB/l/0,cross/n3vvXetINHp1f8e.css]
[static.xx.fbcdn.net/rsrc.php/v3/yX/l/0,cross/CtT34D3GPAM1f8e.css]
[static.xx.fbcdn.net/rsrc.php/v3/yZ/l/0,cross/jxWfICmdhjE1f8e.css]
[static.xx.fbcdn.net/rsrc.php/v3/yb/r/QK4AuJ3bOfR1f8e.js]
[www.facebook.com/login/help/637205020878504]
[www.facebook.com/login/index.html]
[connect.facebook.net/security/hsts-pixel.gif]
[static.xx.fbcdn.net/rsrc.php/v3/ys/r/4zS6aBDBtHT1f8e.js]
[www.facebook.com/login/indexf10a.html]
[www.facebook.com/login/indexdfce.html]
[www.facebook.com/login/web/index.html]
[static.xx.fbcdn.net/rsrc.php/v3/yL/r/unHwF9CkMyM.png]
[static.xx.fbcdn.net/rsrc.php/v3/yo/r/P5YOMZ2AvVl.png]
[static.xx.fbcdn.net/rsrc.php/v3/y8/r/QmNowR8YIaT.png]
[static.xx.fbcdn.net/rsrc.php/v3/yH/r/xgVgalBG80z.png]
[static.xx.fbcdn.net/rsrc.php/v3/yZ/r/YwPTeE82t1h.png]
[static.xx.fbcdn.net/rsrc.php/v3/y9/r/y7MG8IZpiC8.gif]
[static.xx.fbcdn.net/rsrc.php/v3/yD/l/0,cross/GowY3SbJ7Gq1f8e.css]
[static.xx.fbcdn.net/rsrc.php/v3/yd/r/18jcvVbseWI.png]
[static.xx.fbcdn.net/rsrc.php/v3/yB/l/0,cross/n3vvXetINHp1f8e.css]
[static.xx.fbcdn.net/rsrc.php/v3/yB/r/TwAHgQi2ZPB.png]
[static.xx.fbcdn.net/rsrc.php/v3/ym/r/DM6xr9UHKj1.png]
[static.xx.fbcdn.net/rsrc.php/v3/yU/r/O7nelmd9XSI.png]
[static.xx.fbcdn.net/rsrc.php/v3/yu/r/PmjSkvyqVM-.png]
[static.xx.fbcdn.net/rsrc.php/v3/yg/r/6oZO5zjhedE.png]
[static.xx.fbcdn.net/rsrc.php/v3/yX/l/0,cross/CtT34D3GPAM1f8e.css]
[static.xx.fbcdn.net/rsrc.php/v3/yX/r/rzFRr25hmIl.png]
[static.xx.fbcdn.net/rsrc.php/v3/yM/r/ea-RzUBVNUl.png]
[static.xx.fbcdn.net/rsrc.php/v3/yZ/l/0,cross/jxWfICmdhjE1f8e.css]
[www.facebook.com/login/GET.1f.delayed]
[static.xx.fbcdn.net/rsrc.php/v3/yb/r/QK4AuJ3bOfR1f8e.js]
[www.facebook.com/login/u_0_1_r]
[www.facebook.com/login/index.html]
[www.facebook.com/login/help/637205020878504.html]
[static.xx.fbcdn.net/rsrc.php/v3/ys/r/4zS6aBDBtHT1f8e.js]
[static.xx.fbcdn.net/rsrc.php/v3/y6/r/a2il9m3oo2U1f8e.js]
[www.facebook.com/login/Fj6MRz]
[www.facebook.com/login/web/help/637205020878504]
[www.facebook.com/login/Fj6MRz/index.html]
[www.facebook.com/login/web/index4964.html]
[www.facebook.com/login/web/Fj6MRz]
[www.facebook.com/login/web/Fj6MRz/index.html]
[www.facebook.com/login/Firefox/index.html]
[www.facebook.com/login/Edg/index.html]
[www.facebook.com/login/CriOS/index.html]
[www.facebook.com/login/Safari/index.html]
[www.facebook.com/login/Chrome/index.html]
[www.facebook.com/login/GET.html]
[www.facebook.com/login/u_0_1_r.html]
[www.facebook.com/login/Fj6MRz]
[static.xx.fbcdn.net/rsrc.php/v3/y6/r/a2il9m3oo2U1f8e.js]
[www.facebook.com/login/Version/index.html]
[static.xx.fbcdn.net/rsrc.php/v3i7M54/yU/l/en_US/lyogBKTsQ7O1f8e.js]
[www.facebook.com/login/^([^_/indexd41d.html]
[www.facebook.com/login/Fj6MRz/index.html]
[www.facebook.com/login/chrome-extension_/index.html]
[www.facebook.com/login/l/index.html]
[static.xx.fbcdn.net/rsrc.php/v3/yr/r/OJuPnvrkEfZ1f8e.js]
[www.facebook.com/login/web/u_0_2_E]
[www.facebook.com/login/web/index4964.html]
[www.facebook.com/login/web/help/637205020878504]
[www.facebook.com/login/web/Fj6MRz]
[www.facebook.com/login/web/Fj6MRz/index.html]
[www.facebook.com/login/Firefox/index.html]
[www.facebook.com/login/Edg/index.html]
[www.facebook.com/login/Chrome/index.html]
[www.facebook.com/login/CriOS/index.html]
[www.facebook.com/login/Safari/index.html]
[www.facebook.com/login/Version/index.html]
[www.facebook.com/login/chrome-extension_/index.html]
[www.facebook.com/login/^([^_/indexd41d.html]
[www.facebook.com/login/l/index.html]
[static.xx.fbcdn.net/rsrc.php/v3i7M54/yU/l/en_US/lyogBKTsQ7O1f8e.js]
[static.xx.fbcdn.net/rsrc.php/v3/yr/r/OJuPnvrkEfZ1f8e.js]
[www.facebook.com/login/web/u_0_2_E.html]
[www.facebook.com/login/ABCDEFGHIJKLMNOPQRSTUVWXYZabcdefghijklmnopqrstuvwxyz0123456789+/index.html]
[www.facebook.com/login/ABCDEFGHIJKLMNOPQRSTUVWXYZabcdefghijklmnopqrstuvwxyz0123456789+/index.html]
